2025-11-07 16:34:09 - root - INFO - [logging_config.py:78] - Logging configured with level: INFO
2025-11-07 16:34:09 - root - INFO - [logging_config.py:80] - Logs will be written to: logs/zeroro.log
2025-11-07 16:34:09 - uvicorn.error - INFO - [config.py:321] - Will watch for changes in these directories: ['C:\\Users\\goodj\\Desktop\\TA-ZeroRo\\backend']
2025-11-07 16:34:09 - uvicorn.error - INFO - [config.py:542] - Uvicorn running on http://127.0.0.1:8000 (Press CTRL+C to quit)
2025-11-07 16:34:09 - uvicorn.error - INFO - [basereload.py:80] - Started reloader process [46052] using WatchFiles
2025-11-07 16:34:10 - watchfiles.main - INFO - [main.py:308] - 1 change detected
2025-11-07 16:34:10 - watchfiles.main - INFO - [main.py:308] - 1 change detected
2025-11-07 16:34:10 - watchfiles.main - INFO - [main.py:308] - 1 change detected
2025-11-07 16:34:11 - watchfiles.main - INFO - [main.py:308] - 1 change detected
2025-11-07 16:34:11 - root - INFO - [logging_config.py:78] - Logging configured with level: INFO
2025-11-07 16:34:11 - root - INFO - [logging_config.py:80] - Logs will be written to: logs/zeroro.log
2025-11-07 16:34:11 - uvicorn.error - INFO - [server.py:84] - Started server process [6320]
2025-11-07 16:34:11 - uvicorn.error - INFO - [on.py:48] - Waiting for application startup.
2025-11-07 16:34:11 - uvicorn.error - INFO - [on.py:62] - Application startup complete.
2025-11-07 16:34:11 - watchfiles.main - INFO - [main.py:308] - 1 change detected
2025-11-07 16:34:12 - watchfiles.main - INFO - [main.py:308] - 1 change detected
2025-11-07 16:34:12 - watchfiles.main - INFO - [main.py:308] - 1 change detected
2025-11-07 16:34:12 - watchfiles.main - INFO - [main.py:308] - 1 change detected
2025-11-07 16:34:13 - watchfiles.main - INFO - [main.py:308] - 1 change detected
2025-11-07 16:34:13 - watchfiles.main - INFO - [main.py:308] - 1 change detected
2025-11-07 16:34:14 - watchfiles.main - INFO - [main.py:308] - 1 change detected
2025-11-07 16:34:14 - watchfiles.main - INFO - [main.py:308] - 1 change detected
2025-11-07 16:34:14 - watchfiles.main - INFO - [main.py:308] - 1 change detected
2025-11-07 16:34:15 - watchfiles.main - INFO - [main.py:308] - 1 change detected
2025-11-07 16:34:15 - watchfiles.main - INFO - [main.py:308] - 1 change detected
2025-11-07 16:34:15 - watchfiles.main - INFO - [main.py:308] - 1 change detected
2025-11-07 16:34:16 - watchfiles.main - INFO - [main.py:308] - 1 change detected
2025-11-07 16:34:16 - watchfiles.main - INFO - [main.py:308] - 1 change detected
2025-11-07 16:34:17 - watchfiles.main - INFO - [main.py:308] - 1 change detected
2025-11-07 16:34:17 - watchfiles.main - INFO - [main.py:308] - 1 change detected
2025-11-07 16:34:17 - watchfiles.main - INFO - [main.py:308] - 1 change detected
2025-11-07 16:34:18 - watchfiles.main - INFO - [main.py:308] - 1 change detected
2025-11-07 16:34:18 - watchfiles.main - INFO - [main.py:308] - 1 change detected
2025-11-07 16:34:19 - watchfiles.main - INFO - [main.py:308] - 1 change detected
2025-11-07 16:34:19 - watchfiles.main - INFO - [main.py:308] - 1 change detected
2025-11-07 16:34:19 - watchfiles.main - INFO - [main.py:308] - 1 change detected
2025-11-07 16:34:20 - watchfiles.main - INFO - [main.py:308] - 1 change detected
2025-11-07 16:34:20 - watchfiles.main - INFO - [main.py:308] - 1 change detected
2025-11-07 16:34:21 - watchfiles.main - INFO - [main.py:308] - 1 change detected
2025-11-07 16:34:21 - watchfiles.main - INFO - [main.py:308] - 1 change detected
2025-11-07 16:34:21 - watchfiles.main - INFO - [main.py:308] - 1 change detected
2025-11-07 16:34:22 - watchfiles.main - INFO - [main.py:308] - 1 change detected
2025-11-07 16:34:22 - watchfiles.main - INFO - [main.py:308] - 1 change detected
2025-11-07 16:34:23 - watchfiles.main - INFO - [main.py:308] - 1 change detected
2025-11-07 16:34:23 - watchfiles.main - INFO - [main.py:308] - 1 change detected
2025-11-07 16:34:23 - watchfiles.main - INFO - [main.py:308] - 1 change detected
2025-11-07 16:34:24 - watchfiles.main - INFO - [main.py:308] - 1 change detected
2025-11-07 16:34:24 - watchfiles.main - INFO - [main.py:308] - 1 change detected
2025-11-07 16:34:24 - watchfiles.main - INFO - [main.py:308] - 1 change detected
2025-11-07 16:34:25 - watchfiles.main - INFO - [main.py:308] - 1 change detected
2025-11-07 16:34:25 - watchfiles.main - INFO - [main.py:308] - 1 change detected
2025-11-07 16:34:26 - watchfiles.main - INFO - [main.py:308] - 1 change detected
2025-11-07 16:34:26 - watchfiles.main - INFO - [main.py:308] - 1 change detected
2025-11-07 16:34:26 - watchfiles.main - INFO - [main.py:308] - 1 change detected
2025-11-07 16:34:27 - watchfiles.main - INFO - [main.py:308] - 1 change detected
2025-11-07 16:34:27 - watchfiles.main - INFO - [main.py:308] - 1 change detected
2025-11-07 16:34:28 - watchfiles.main - INFO - [main.py:308] - 1 change detected
2025-11-07 16:34:28 - watchfiles.main - INFO - [main.py:308] - 1 change detected
2025-11-07 16:34:28 - watchfiles.main - INFO - [main.py:308] - 1 change detected
2025-11-07 16:34:29 - watchfiles.main - INFO - [main.py:308] - 1 change detected
2025-11-07 16:34:29 - watchfiles.main - INFO - [main.py:308] - 1 change detected
2025-11-07 16:34:30 - watchfiles.main - INFO - [main.py:308] - 1 change detected
2025-11-07 16:34:30 - watchfiles.main - INFO - [main.py:308] - 1 change detected
2025-11-07 16:34:30 - watchfiles.main - INFO - [main.py:308] - 1 change detected
2025-11-07 16:34:31 - watchfiles.main - INFO - [main.py:308] - 1 change detected
2025-11-07 16:34:31 - watchfiles.main - INFO - [main.py:308] - 1 change detected
2025-11-07 16:34:32 - watchfiles.main - INFO - [main.py:308] - 1 change detected
2025-11-07 16:34:32 - watchfiles.main - INFO - [main.py:308] - 1 change detected
2025-11-07 16:34:32 - watchfiles.main - INFO - [main.py:308] - 1 change detected
2025-11-07 16:34:33 - watchfiles.main - INFO - [main.py:308] - 1 change detected
2025-11-07 16:34:33 - watchfiles.main - INFO - [main.py:308] - 1 change detected
2025-11-07 16:34:34 - watchfiles.main - INFO - [main.py:308] - 1 change detected
2025-11-07 16:34:34 - watchfiles.main - INFO - [main.py:308] - 1 change detected
2025-11-07 16:34:34 - watchfiles.main - INFO - [main.py:308] - 1 change detected
2025-11-07 16:34:35 - watchfiles.main - INFO - [main.py:308] - 1 change detected
2025-11-07 16:34:35 - watchfiles.main - INFO - [main.py:308] - 1 change detected
2025-11-07 16:34:36 - watchfiles.main - INFO - [main.py:308] - 1 change detected
2025-11-07 16:34:36 - watchfiles.main - INFO - [main.py:308] - 1 change detected
2025-11-07 16:34:36 - watchfiles.main - INFO - [main.py:308] - 1 change detected
2025-11-07 16:34:37 - watchfiles.main - INFO - [main.py:308] - 1 change detected
2025-11-07 16:34:37 - watchfiles.main - INFO - [main.py:308] - 1 change detected
2025-11-07 16:34:37 - watchfiles.main - INFO - [main.py:308] - 1 change detected
2025-11-07 16:34:38 - watchfiles.main - INFO - [main.py:308] - 1 change detected
2025-11-07 16:34:38 - watchfiles.main - INFO - [main.py:308] - 1 change detected
2025-11-07 16:34:39 - watchfiles.main - INFO - [main.py:308] - 1 change detected
2025-11-07 16:34:39 - watchfiles.main - INFO - [main.py:308] - 1 change detected
2025-11-07 16:34:39 - watchfiles.main - INFO - [main.py:308] - 1 change detected
2025-11-07 16:34:40 - watchfiles.main - INFO - [main.py:308] - 1 change detected
2025-11-07 16:34:40 - watchfiles.main - INFO - [main.py:308] - 1 change detected
2025-11-07 16:34:41 - watchfiles.main - INFO - [main.py:308] - 1 change detected
2025-11-07 16:34:41 - watchfiles.main - INFO - [main.py:308] - 1 change detected
2025-11-07 16:34:41 - watchfiles.main - INFO - [main.py:308] - 1 change detected
2025-11-07 16:34:42 - watchfiles.main - INFO - [main.py:308] - 1 change detected
2025-11-07 16:34:42 - watchfiles.main - INFO - [main.py:308] - 1 change detected
2025-11-07 16:34:43 - watchfiles.main - INFO - [main.py:308] - 1 change detected
2025-11-07 16:34:43 - watchfiles.main - INFO - [main.py:308] - 1 change detected
2025-11-07 16:34:43 - watchfiles.main - INFO - [main.py:308] - 1 change detected
2025-11-07 16:34:44 - watchfiles.main - INFO - [main.py:308] - 1 change detected
2025-11-07 16:34:44 - watchfiles.main - INFO - [main.py:308] - 1 change detected
2025-11-07 16:34:45 - watchfiles.main - INFO - [main.py:308] - 1 change detected
2025-11-07 16:34:45 - watchfiles.main - INFO - [main.py:308] - 1 change detected
2025-11-07 16:34:45 - watchfiles.main - INFO - [main.py:308] - 1 change detected
2025-11-07 16:34:46 - watchfiles.main - INFO - [main.py:308] - 1 change detected
2025-11-07 16:34:46 - watchfiles.main - INFO - [main.py:308] - 1 change detected
2025-11-07 16:34:47 - watchfiles.main - INFO - [main.py:308] - 1 change detected
2025-11-07 16:34:47 - watchfiles.main - INFO - [main.py:308] - 1 change detected
2025-11-07 16:34:47 - watchfiles.main - INFO - [main.py:308] - 1 change detected
2025-11-07 16:34:48 - watchfiles.main - INFO - [main.py:308] - 1 change detected
2025-11-07 16:34:48 - watchfiles.main - INFO - [main.py:308] - 1 change detected
2025-11-07 16:34:49 - watchfiles.main - INFO - [main.py:308] - 1 change detected
2025-11-07 16:34:49 - watchfiles.main - INFO - [main.py:308] - 1 change detected
2025-11-07 16:34:49 - watchfiles.main - INFO - [main.py:308] - 1 change detected
2025-11-07 16:34:50 - watchfiles.main - INFO - [main.py:308] - 1 change detected
2025-11-07 16:34:50 - watchfiles.main - INFO - [main.py:308] - 1 change detected
2025-11-07 16:34:50 - uvicorn.error - INFO - [server.py:264] - Shutting down
2025-11-07 16:34:50 - uvicorn.error - INFO - [on.py:67] - Waiting for application shutdown.
2025-11-07 16:34:50 - uvicorn.error - INFO - [on.py:76] - Application shutdown complete.
2025-11-07 16:34:50 - uvicorn.error - INFO - [server.py:94] - Finished server process [6320]
2025-11-07 16:34:50 - uvicorn.error - INFO - [basereload.py:116] - Stopping reloader process [46052]
2025-11-07 16:35:23 - root - INFO - [logging_config.py:78] - Logging configured with level: INFO
2025-11-07 16:35:23 - root - INFO - [logging_config.py:80] - Logs will be written to: logs/zeroro.log
2025-11-07 16:35:23 - uvicorn.error - INFO - [config.py:321] - Will watch for changes in these directories: ['C:\\Users\\goodj\\Desktop\\TA-ZeroRo\\backend']
2025-11-07 16:35:23 - uvicorn.error - INFO - [config.py:542] - Uvicorn running on http://127.0.0.1:8000 (Press CTRL+C to quit)
2025-11-07 16:35:23 - uvicorn.error - INFO - [basereload.py:80] - Started reloader process [53112] using WatchFiles
2025-11-07 16:35:25 - root - INFO - [logging_config.py:78] - Logging configured with level: INFO
2025-11-07 16:35:25 - root - INFO - [logging_config.py:80] - Logs will be written to: logs/zeroro.log
2025-11-07 16:35:25 - uvicorn.error - INFO - [server.py:84] - Started server process [22128]
2025-11-07 16:35:25 - uvicorn.error - INFO - [on.py:48] - Waiting for application startup.
2025-11-07 16:35:25 - uvicorn.error - INFO - [on.py:62] - Application startup complete.
2025-11-07 16:35:25 - uvicorn.error - ERROR - [on.py:134] - Traceback (most recent call last):
  File "C:\Users\goodj\Desktop\TA-ZeroRo\backend\venv\lib\site-packages\uvicorn\_compat.py", line 53, in asyncio_run
    return loop.run_until_complete(main)
  File "C:\Users\goodj\AppData\Local\Programs\Python\Python310\lib\asyncio\base_events.py", line 633, in run_until_complete
    self.run_forever()
  File "C:\Users\goodj\AppData\Local\Programs\Python\Python310\lib\asyncio\base_events.py", line 600, in run_forever
    self._run_once()
  File "C:\Users\goodj\AppData\Local\Programs\Python\Python310\lib\asyncio\base_events.py", line 1896, in _run_once
    handle._run()
  File "C:\Users\goodj\AppData\Local\Programs\Python\Python310\lib\asyncio\events.py", line 80, in _run
    self._context.run(self._callback, *self._args)
  File "C:\Users\goodj\Desktop\TA-ZeroRo\backend\venv\lib\site-packages\uvicorn\server.py", line 70, in serve
    with self.capture_signals():
  File "C:\Users\goodj\AppData\Local\Programs\Python\Python310\lib\contextlib.py", line 142, in __exit__
    next(self.gen)
  File "C:\Users\goodj\Desktop\TA-ZeroRo\backend\venv\lib\site-packages\uvicorn\server.py", line 331, in capture_signals
    signal.raise_signal(captured_signal)
KeyboardInterrupt

During handling of the above exception, another exception occurred:

Traceback (most recent call last):
  File "C:\Users\goodj\Desktop\TA-ZeroRo\backend\venv\lib\site-packages\starlette\routing.py", line 701, in lifespan
    await receive()
  File "C:\Users\goodj\Desktop\TA-ZeroRo\backend\venv\lib\site-packages\uvicorn\lifespan\on.py", line 137, in receive
    return await self.receive_queue.get()
  File "C:\Users\goodj\AppData\Local\Programs\Python\Python310\lib\asyncio\queues.py", line 159, in get
    await getter
asyncio.exceptions.CancelledError

2025-11-07 16:35:25 - uvicorn.error - INFO - [basereload.py:116] - Stopping reloader process [53112]
